// Jest Snapshot v1, https://goo.gl/fbAQLP

exports[`match home snapshot 1`] = `
<section
  className="calculatorTotal"
>
  <h2>
    Lets do some math!
  </h2>
  <div
    className="container"
  >
    <div
      className="calculator"
    >
      <div
        className="display"
      />
      <div
        className="buttons"
      >
        <button
          className="btnNumbers"
          onClick={[Function]}
          type="button"
        >
          AC
        </button>
        <button
          className="btnNumbers"
          onClick={[Function]}
          type="button"
        >
          +/-
        </button>
        <button
          className="btnNumbers"
          onClick={[Function]}
          type="button"
        >
          %
        </button>
        <button
          className="btnNumbers"
          onClick={[Function]}
          type="button"
        >
          รท
        </button>
        <button
          className="btnNumbers"
          onClick={[Function]}
          type="button"
        >
          7
        </button>
        <button
          className="btnNumbers"
          onClick={[Function]}
          type="button"
        >
          8
        </button>
        <button
          className="btnNumbers"
          onClick={[Function]}
          type="button"
        >
          9
        </button>
        <button
          className="btnNumbers"
          onClick={[Function]}
          type="button"
        >
          x
        </button>
        <button
          className="btnNumbers"
          onClick={[Function]}
          type="button"
        >
          4
        </button>
        <button
          className="btnNumbers"
          onClick={[Function]}
          type="button"
        >
          5
        </button>
        <button
          className="btnNumbers"
          onClick={[Function]}
          type="button"
        >
          6
        </button>
        <button
          className="btnNumbers"
          onClick={[Function]}
          type="button"
        >
          -
        </button>
        <button
          className="btnNumbers"
          onClick={[Function]}
          type="button"
        >
          1
        </button>
        <button
          className="btnNumbers"
          onClick={[Function]}
          type="button"
        >
          2
        </button>
        <button
          className="btnNumbers"
          onClick={[Function]}
          type="button"
        >
          3
        </button>
        <button
          className="btnNumbers"
          onClick={[Function]}
          type="button"
        >
          +
        </button>
        <button
          className="btnNumbers"
          onClick={[Function]}
          type="button"
        >
          0
        </button>
        <button
          className="btnNumbers"
          onClick={[Function]}
          type="button"
        >
          .
        </button>
        <button
          className="btnNumbers"
          onClick={[Function]}
          type="button"
        >
          =
        </button>
      </div>
    </div>
  </div>
</section>
`;
