// Jest Snapshot v1, https://goo.gl/fbAQLP

exports[`match home snapshot 1`] = `
Array [
  <h2
    className="quote"
  >
    Mathematics is not about numbers, equations, computations or algorithms,it is about understandin, 
  </h2>,
  <p>
    -William Paul Thurston
  </p>,
]
`;
